// Jest Snapshot v1, https://goo.gl/fbAQLP

exports[`Tabs test suite Snapshots component 1`] = `
<div
  class="MuiBox-root css-g43f0e"
  data-testid="tabs-component__container"
  variant="primary"
>
  <div
    class="MuiTabs-root css-1peytwk-MuiTabs-root"
  >
    <div
      class="MuiTabs-scroller MuiTabs-fixed css-jpln7h-MuiTabs-scroller"
      style="overflow: hidden; margin-bottom: 0px;"
    >
      <div
        aria-label="aria-tabs-component"
        class="MuiTabs-flexContainer css-heg063-MuiTabs-flexContainer"
        role="tablist"
      >
        <button
          aria-controls="tabpanel-0"
          aria-selected="true"
          class="MuiButtonBase-root MuiTab-root MuiTab-textColorPrimary Mui-selected css-1h9z7r5-MuiButtonBase-root-MuiTab-root"
          data-testid="tabs-tab__0"
          id="tab-0"
          role="tab"
          tabindex="0"
          type="button"
        >
          tab1
          <span
            class="MuiTouchRipple-root css-8je8zh-MuiTouchRipple-root"
          />
        </button>
        <button
          aria-controls="tabpanel-1"
          aria-selected="false"
          class="MuiButtonBase-root MuiTab-root MuiTab-textColorPrimary css-1h9z7r5-MuiButtonBase-root-MuiTab-root"
          data-testid="tabs-tab__1"
          id="tab-1"
          role="tab"
          tabindex="-1"
          type="button"
        >
          tab2
          <span
            class="MuiTouchRipple-root css-8je8zh-MuiTouchRipple-root"
          />
        </button>
      </div>
      <span
        class="MuiTabs-indicator css-19zayo3-MuiTabs-indicator"
        style="left: 0px; width: 0px;"
      />
    </div>
  </div>
  <div
    style="overflow-x: hidden;"
  >
    <div
      class="react-swipeable-view-container"
      style="flex-direction: row; transition: all 0s ease 0s; direction: ltr; display: flex; will-change: transform;"
    >
      <div
        aria-hidden="false"
        data-swipeable="true"
        style="width: 100%; flex-shrink: 0; overflow: auto;"
      >
        <div
          aria-labelledby="tab-0"
          data-testid="tabs-tabpanel__0"
          dir="ltr"
          id="tabpanel-0"
          role="tabpanel"
        >
          <div
            class="MuiBox-root css-19kzrtu"
          >
            <div>
              content1
            </div>
          </div>
        </div>
      </div>
    </div>
  </div>
</div>
`;
